[cis.wakavaping.com/index.html]
[backblue.gif]
[fade.gif]
[index.html]
[cis.wakavaping.com/cdn/shop/files/2F59FC0D-D115-45C3-9FC4-2381B1326FE0_32x32b52a.png]
[cis.wakavaping.com/cdn/shop/t/2/assets/Montserrat-Regularcfd4.ttf]
[cis.wakavaping.com/cdn/shop/t/2/assets/Montserrat-SemiBolde6cf.ttf]
[cis.wakavaping.com/cdn/shop/t/2/assets/Montserrat-Boldd6d1.ttf]
[cis.wakavaping.com/cdn/shop/t/2/assets/SofiaPro-Regulard7ae.otf]
[cis.wakavaping.com/cdn/shop/t/2/assets/SofiaPro-SemiBoldd5ce.otf]
[cis.wakavaping.com/cdn/shop/t/2/assets/SofiaPro-Bold4606.otf]
[cis.wakavaping.com/cdn/shop/t/2/assets/theme.min2c6e.css]
[cis.wakavaping.com/checkouts/internal/preloads1665.js]
[cis.wakavaping.com/cdn/shopifycloud/shopify/assets/storefront/load_feature-9f951eb7d8d53973c719de211f807d63af81c644e5b9a6ae72661ac408d472f6.js]
[cis.wakavaping.com/cdn/shopifycloud/shopify/assets/storefront/features-1c0b396bd4d054b94abae1eb6a1bd6ba47beb35525c57a217c77a862ff06d83f.js]
[cis.wakavaping.com/POST]
[cis.wakavaping.com/cdn]
[cis.wakavaping.com/cdn/s/trekkie.storefront.dd626a6a6fbdab104f8779acc4331c330134c832.min.js]
[cis.wakavaping.com/cdn/shopifycloud/shopify/assets/shop_events_listener-61fa9e0a912c675e178777d2b27f6cbd482f8912a6b0aa31fa3515985a8cd626.js]
[cis.wakavaping.com/cdn/shopifycloud/boomerang/shopify-boomerang-1.0.0.min.js]
[cis.wakavaping.com/cdn/shop/t/2/assets/sprites-misc-sprites46fd.png]
[cis.wakavaping.com/cdn/shop/t/2/assets/sprites-misc-sprites2x115c.png]
[cis.wakavaping.com/cdn/shop/files/Warning_Banner__1_1f2ee220-0dc1-49d7-9275-466bb79c05c4_96x4b68.png]
[cis.wakavaping.com/products/sopro-pa10000.html]
[cis.wakavaping.com/products/waka-sopro-pa7000.html]
[cis.wakavaping.com/products/waka-smash.html]
[cis.wakavaping.com/products/waka-sopro-dm8000i.html]
[cis.wakavaping.com/products/sopro-dm8000.html]
[cis.wakavaping.com/cdn/shop/products/Sidecb89.png]
[cis.wakavaping.com/cdn/shop/files/8000idevicepcblue4503.png]
[cis.wakavaping.com/cdn/shop/files/1_7785af17-e2fa-4ed8-94e5-9d9890107dde1b28.png]
[cis.wakavaping.com/cdn/shop/files/Purple_front5b70.png]
[cis.wakavaping.com/pages/dualmesh.html]
[cis.wakavaping.com/pages/about-waka.html]
[cis.wakavaping.com/pages/partnership-opportunity.html]
[cis.wakavaping.com/pages/contact.html]
[cis.wakavaping.com/blogs/instruction.html]
[cis.wakavaping.com/pages/verify.html]
[cis.wakavaping.com/cdn/shop/files/smash-removebg-preview_b649d0e2-ca61-461f-9077-008fc06d1eb62bd7.png]
[cis.wakavaping.com/products/sofit-fa4000.html]
[cis.wakavaping.com/cdn/shop/files/4_abd7ddf9-8b84-4368-98c4-580ea38d687a0a39.png]
[cis.wakavaping.com/products/solo2.html]
[cis.wakavaping.com/cdn/shop/files/Solo28c50.png]
[cis.wakavaping.com/products/waka-sofit-fa1000.html]
[cis.wakavaping.com/cdn/shop/files/11116923.png]
[cis.wakavaping.com/cdn/shopifycloud/shopify/assets/no-image-2048-5e88c1b20e087fb7bbe9a3771824e743c244f437e4f8ba93bbf7b11b53f7824c_1428x.gif]
[cis.wakavaping.com/cdn/shop/t/2/assets/third-plugin.min293d.js]
[cis.wakavaping.com/cdn/shop/t/2/assets/swiper.minef4a.css]
[cis.wakavaping.com/cdn/shop/t/2/assets/slideshow-banner-index.min4730.css]
[cis.wakavaping.com/cdn/shop/files/soPro_PA10000_KV-Simplify-Horizontal-01_96x55a3.png]
[cis.wakavaping.com/cdn/shop/files/clean_96x3139.jpg]
[cis.wakavaping.com/cdn/shop/t/2/assets/slideshow-banner-index.mind483.js]
[cis.wakavaping.com/cdn/shop/files/WAKAVIS_1129-11_5358df8d-5b6f-40bb-a996-5fa6a1190541_96xd649.png]
[cis.wakavaping.com/cdn/shop/files/WAKAVIS_1129-12_5ba48a87-d6bf-4cc2-9608-3ac765c2cdf0_96x55b3.png]
[cis.wakavaping.com/cdn/shop/files/FRESH_MINT_Copy_96xbfd6.png]
[cis.wakavaping.com/cdn/shop/files/351D0135-E331-4962-9D6D-F8A7F9ECB312_140x5ac6.png]
[cis.wakavaping.com/collections.html]
[cis.wakavaping.com/pages/privacy-policy-cookie-notice]
[cis.wakavaping.com/pages/terms-conditions]
[cis.wakavaping.com/account/login.html]
[cis.wakavaping.com/pages/privacy-policy]
[cis.wakavaping.com/pages/terms-of-service]
[cis.wakavaping.com/cdn/shop/t/2/assets/snippets-loginEmailSubscribe-index.min5e6a.js]
[cis.wakavaping.com/cdn/shop/t/2/assets/theme.mind9b3.js]
[cis.wakavaping.com/cdn/shop/t/2/assets/sensorsdata.min0660.js]
[cis.wakavaping.com/document.location]
[cis.wakavaping.com/index.html]
[cis.wakavaping.com/cdn/shop/t/2/assets/theme.min2c6e.css]
[shop.app/checkouts/internal/preloadsc726.js]
[cis.wakavaping.com/POST.html]
[cis.wakavaping.com/cdn.html]
[cis.wakavaping.com/products/sopro-pa10000.oembed]
[cis.wakavaping.com/products/POST]
[cis.wakavaping.com/collections/10-дней-использования.html]
[cis.wakavaping.com/cdn/shop/products/Side_96xcb89.png]
[cis.wakavaping.com/cdn/shop/products/Side_150xcb89.png]
[cis.wakavaping.com/cdn/shop/products/Side_94x94cb89.png]
[cis.wakavaping.com/cdn/shop/t/2/assets/product-index.min705a.css]
[cis.wakavaping.com/cdn/shop/t/2/assets/product-index.min65fa.js]
[cis.wakavaping.com/cdn/shop/files/PA10000_KVpc.ai_c47bab73-f010-43ee-8ec0-2b8262ac61ab_96x4b7a.png]
[cis.wakavaping.com/cdn/shop/t/2/assets/main-product-selling-point-index.mina286.css]
[cis.wakavaping.com/cdn/shop/t/2/assets/icon-selling-arrowe4d3.svg]
[cis.wakavaping.com/cdn/shop/t/2/assets/icon-gray-close19d1.svg]
[cis.wakavaping.com/products/Liquid error (sections/product-selling-point line 20]
[cis.wakavaping.com/products/Liquid error (sections/product-selling-point line 27]
[cis.wakavaping.com/cdn/shop/files/PA10000__1pc.ai_96xc8ef.png]
[cis.wakavaping.com/cdn/shop/files/PA10000__2pc.ai_96xff1b.png]
[cis.wakavaping.com/cdn/shop/files/PA10000__3pc.ai_96x2f1e.png]
[cis.wakavaping.com/cdn/shop/files/20231007-Tiantian-DM8000_EC_Detail_Page__1_pc_.ai_508084cb-8d80-4761-9c06-09a635e56279_96xe0af.png]
[cis.wakavaping.com/cdn/shop/files/PA10000__2pc_mob_.ai_00170111-1c27-4d58-bd28-a825ac64c342_96x9c74.png]
[cis.wakavaping.com/cdn/shop/files/PA10000__3pc_mob_.ai_c9fd6a88-05db-4304-b59f-2224684b6a6b_96xb444.png]
[cis.wakavaping.com/cdn/shop/t/2/assets/main-product-selling-point-index.min24c1.js]
[cis.wakavaping.com/cdn/shop/files/PA10000_Template_PC.ai_96x6979.png]
[cis.wakavaping.com/products/document.location]
[cis.wakavaping.com/products/sopro-pa10000.html]
[cis.wakavaping.com/cdn/shop/products/Rede9ed.png]
[cis.wakavaping.com/products/waka-sopro-pa7000.oembed]
[cis.wakavaping.com/cdn/shop/products/Red_96xe9ed.png]
[cis.wakavaping.com/cdn/shop/products/Blue_96xe9ed.png]
[cis.wakavaping.com/cdn/shop/files/Purple_front_96x5b70.png]
[cis.wakavaping.com/cdn/shop/products/Green_96xe9ed.png]
[cis.wakavaping.com/cdn/shop/files/Yellow_front_96xec9e.png]
[cis.wakavaping.com/cdn/shop/files/Orange_front_96xec9e.png]
[cis.wakavaping.com/cdn/shop/products/Red_150xe9ed.png]
[cis.wakavaping.com/cdn/shop/products/Red_94x94e9ed.png]
[cis.wakavaping.com/cdn/shop/products/Blue_94x94e9ed.png]
[cis.wakavaping.com/cdn/shop/files/Purple_front_94x945b70.png]
[cis.wakavaping.com/cdn/shop/products/Green_94x94e9ed.png]
[cis.wakavaping.com/cdn/shop/files/Yellow_front_94x94ec9e.png]
[cis.wakavaping.com/cdn/shop/files/Orange_front_94x94ec9e.png]
[cis.wakavaping.com/cdn/shop/files/soPro_PA7000_soPro_PA7000_KV-Simplify-Horizontal_soPro_PA7000_KV-Simplify-Horizontal_soPro_PA7000_KV-Simplify-Horizontal_96x5216.png]
[cis.wakavaping.com/products/waka-sopro-pa7000.html]
[cis.wakavaping.com/cdn/shop/files/SMASH-_Orange_e32228bb-5099-4320-a024-5a7fd986a009defc.png]
[cis.wakavaping.com/products/waka-smash.oembed]
[cis.wakavaping.com/cdn/shop/files/SMASH-_Red_0f291a25-5fc6-40a3-81d7-ce95651015ce_96xdefc.png]
[cis.wakavaping.com/cdn/shop/files/SMASH-_purple_cfc5f30f-5944-4080-a2da-f3aed6887187_96x79d6.png]
[cis.wakavaping.com/cdn/shop/files/SMASH-_Pink_2524357e-12b5-4724-b481-f23423dbe769_96xdefc.png]
[cis.wakavaping.com/cdn/shop/files/SMASH-_Grenn_96x79d6.png]
[cis.wakavaping.com/cdn/shop/files/SMASH-_Orange_e32228bb-5099-4320-a024-5a7fd986a009_96xdefc.png]
[cis.wakavaping.com/cdn/shop/files/SMASH-_Red_0f291a25-5fc6-40a3-81d7-ce95651015ce_150xdefc.png]
[cis.wakavaping.com/cdn/shop/files/SMASH-_Red_0f291a25-5fc6-40a3-81d7-ce95651015ce_94x94defc.png]
[cis.wakavaping.com/cdn/shop/files/SMASH-_purple_cfc5f30f-5944-4080-a2da-f3aed6887187_94x9479d6.png]
[cis.wakavaping.com/cdn/shop/files/SMASH-_Pink_2524357e-12b5-4724-b481-f23423dbe769_94x94defc.png]
[cis.wakavaping.com/cdn/shop/files/SMASH-_Grenn_94x9479d6.png]
[cis.wakavaping.com/cdn/shop/files/SMASH-_Orange_e32228bb-5099-4320-a024-5a7fd986a009_94x94defc.png]
[cis.wakavaping.com/cdn/shop/files/Smash_Template_KV_PC.ai_-01_96x8f9a.png]
[cis.wakavaping.com/cdn/shop/files/Smash_Template__1_pc.ai_d423b4ae-7ef5-4b49-acbb-a131062eed50_96xf6b5.png]
[cis.wakavaping.com/cdn/shop/files/Smash_Template__2_pc.ai_cc8d16f5-d7fe-4e21-a06a-bc2822602de3_96x5619.png]
[cis.wakavaping.com/cdn/shop/files/Smash_Template__3_mob.ai_4a61d403-301a-45ed-ada0-6fe8eb3a384b_96x03d8.png]
[cis.wakavaping.com/cdn/shop/files/Smash_Template__1__.ai_96x7553.png]
[cis.wakavaping.com/cdn/shop/files/Smash_Template__1__.ai_dd747a35-6154-4876-9df8-9722fbd4138f_96x2f53.png]
[cis.wakavaping.com/cdn/shop/files/Smash_Template__1__2.ai_96x0283.png]
[cis.wakavaping.com/cdn/shop/files/Smash_Template___PC.ai_96xc88f.png]
[cis.wakavaping.com/products/waka-smash.html]
[cis.wakavaping.com/products/waka-sopro-dm8000i.oembed]
[cis.wakavaping.com/cdn/shop/files/8000idevicepcred_96x0bf9.png]
[cis.wakavaping.com/cdn/shop/files/8000idevicepcblue_96x4503.png]
[cis.wakavaping.com/cdn/shop/files/8000idevicepcpurple_96x2908.png]
[cis.wakavaping.com/cdn/shop/files/8000idevicepcpink_96x2908.png]
[cis.wakavaping.com/cdn/shop/files/8000idevicepcblack_96x4fc2.png]
[cis.wakavaping.com/cdn/shop/files/8000idevicepcorange_96x0bf9.png]
[cis.wakavaping.com/cdn/shop/files/8000idevicepcred_150x0bf9.png]
[cis.wakavaping.com/cdn/shop/files/8000idevicepcred_94x940bf9.png]
[cis.wakavaping.com/cdn/shop/files/8000idevicepcblue_94x944503.png]
[cis.wakavaping.com/cdn/shop/files/8000idevicepcpurple_94x942908.png]
[cis.wakavaping.com/cdn/shop/files/8000idevicepcpink_94x942908.png]
[cis.wakavaping.com/cdn/shop/files/8000idevicepcblack_94x944fc2.png]
[cis.wakavaping.com/cdn/shop/files/8000idevicepcorange_94x940bf9.png]
[cis.wakavaping.com/cdn/shop/files/soPro_DM8000i_KV_soPro_DM8000i_KV-Horizontal_96x3c2b.png]
[cis.wakavaping.com/cdn/shop/files/8000i__1pc.ai_96x2678.png]
[cis.wakavaping.com/cdn/shop/files/8000i__2pc.ai_96x26f2.png]
[cis.wakavaping.com/cdn/shop/files/8000i__3pc.ai_96xa170.png]
[cis.wakavaping.com/cdn/shop/files/8000i__1pc_mob_.ai_ec6d2b31-68d5-48bf-ab94-e39944a8a839_96x880b.png]
[cis.wakavaping.com/cdn/shop/files/CA_Web_EC_Banner_PA10000_DM8000i_96xd0ea.png]
[cis.wakavaping.com/products/waka-sopro-dm8000i.html]
[cis.wakavaping.com/cdn/shop/files/DM8000309e.png]
[cis.wakavaping.com/products/sopro-dm8000.oembed]
[cis.wakavaping.com/cdn/shop/files/DM8000_96x309e.png]
[cis.wakavaping.com/cdn/shop/files/DM8000_150x309e.png]
[cis.wakavaping.com/cdn/shop/files/DM8000_94x94309e.png]
[cis.wakavaping.com/cdn/shop/files/DM8000_EC_Detail_Page_KV_PC_96xe767.png]
[cis.wakavaping.com/cdn/shop/files/DM6000_Template__1_pc.ai_872ee4a6-f6cb-4eef-8ae1-d3af54b4004b_96xd01d.png]
[cis.wakavaping.com/cdn/shop/files/20231007-Tiantian-DM8000_EC_Detail_Page__2_pc.ai_96x6079.png]
[cis.wakavaping.com/cdn/shop/files/20231007-Tiantian-DM8000_EC_Detail_Page__3_pc.ai_96x0ff2.png]
[cis.wakavaping.com/cdn/shopifycloud/shopify/assets/no-image-100-c91dd4bdb56513f2cbf4fc15436ca35e9d4ecd014546c8d421b1aece861dfecf_96x.gif]
[cis.wakavaping.com/cdn/shop/files/20231007-Tiantian-DM8000_EC_Detail_Page___PC.ai_92c2d60f-3dce-4e5a-b1d0-d6d17857fbe5_96x3ba8.png]
[cis.wakavaping.com/products/sopro-dm8000.html]
[cis.wakavaping.com/pages/POST]
[cis.wakavaping.com/cdn/shop/t/2/assets/dual-mesh-index.mindf4f.css]
[cis.wakavaping.com/cdn/shop/files/f506598a71f72dc857c19c0ec77402551f43.png]
[cis.wakavaping.com/cdn/shop/files/PC-Dualmesh_2x_201c32e2-8b18-4ce2-b0ff-a119c1f747ed_96x327d.png]
[cis.wakavaping.com/cdn/shop/files/core_of_benifit1_96x8105.png]
[cis.wakavaping.com/cdn/shop/files/DualMesh-02_96xe561.png]
[cis.wakavaping.com/cdn/shop/files/dualmesh_p3_bg_pc_1920x63f6.png]
[cis.wakavaping.com/cdn/shop/files/dualmesh_p3_bg_h5_750x68f5.png]
[cis.wakavaping.com/cdn/shop/files/PC-Fruit_1920x57fa.png]
[cis.wakavaping.com/cdn/shop/files/Mob-Fruit_1_750xc7b1.png]
[cis.wakavaping.com/cdn/shop/files/PC-Single_Mesh_2x_a908164f-3745-4c5b-9cd7-c5f842a1322d_96x162e.png]
[cis.wakavaping.com/cdn/shop/files/Vector_4_96xd053.png]
[cis.wakavaping.com/cdn/shop/files/PC-1_2x_8574341d-e081-4356-a1d3-e8c57caff8af_96x6293.png]
[cis.wakavaping.com/cdn/shop/files/DualMesh_3_1920x3ae0.png]
[cis.wakavaping.com/cdn/shop/files/DualMesh_3_750x3ae0.png]
[cis.wakavaping.com/cdn/shop/files/dualmesh_part10_swiper1_96x3ef4.png]
[cis.wakavaping.com/cdn/shop/files/dualmesh_part10_swiper4_96x78c0.png]
[cis.wakavaping.com/cdn/shop/files/dualmesh_part10_swiper3_96xd953.png]
[cis.wakavaping.com/cdn/shop/files/dualmesh_part10_swiper2_96x34b8.png]
[cis.wakavaping.com/cdn/shop/files/dualmesh_part10_swiper5_96x4818.png]
[cis.wakavaping.com/cdn/shop/files/PC-PA10000-1920x1080_1920x933e.png]
[cis.wakavaping.com/cdn/shop/files/WAKA10000-04_750x4a92.png]
[cis.wakavaping.com/cdn/shop/files/dualmesh_p11_award2_96xda55.png]
[cis.wakavaping.com/cdn/shop/files/PC-DM_Getting_So_Popular_Global_Wide_2x_1c5ed0e8-6f0e-4968-8153-08dcba1e2716-02_96xa658.png]
[cis.wakavaping.com/cdn/shop/files/PC-Photo_roll_1920x1fdd.png]
[cis.wakavaping.com/cdn/shop/files/Photo_Roll-Mob_1000_750x2594.png]
[cis.wakavaping.com/cdn/shop/t/2/assets/dual-mesh-index.min1880.js]
[cis.wakavaping.com/pages/document.location]
[cis.wakavaping.com/pages/dualmesh.html]
[cis.wakavaping.com/cdn/shop/t/2/assets/about-us-index.min8ccd.css]
[cis.wakavaping.com/cdn/shop/files/about_us_96x404b.jpg]
[cis.wakavaping.com/pages/about-waka.html]
[cis.wakavaping.com/cdn/shop/t/2/assets/main-checkpage-index.min6da7.css]
[cis.wakavaping.com/cdn/shop/files/About_us-02_1b06c.jpg]
[cis.wakavaping.com/pages/partnership-opportunity.html]
[cis.wakavaping.com/cdn/shop/t/2/assets/main-checkpage-index.minb0f1.js]
[cis.wakavaping.com/cdn/shop/t/2/assets/udesk-form-index.minc3a4.css]
[cis.wakavaping.com/pages/contact.html]
[cis.wakavaping.com/cdn/shop/t/2/assets/udesk-form-index.min6cff.js]
[cis.wakavaping.com/blogs/instruction.atom]
[cis.wakavaping.com/blogs/POST]
[cis.wakavaping.com/cdn/shop/t/2/assets/main-blog-index.min6e5b.css]
[cis.wakavaping.com/cdn/shop/t/2/assets/ootsbe663.woff]
[cis.wakavaping.com/blogs/instruction/waka-sofit-fa4000-instruction.html]
[cis.wakavaping.com/cdn/shop/articles/4_f5079eb7-5025-4cf9-b77e-68e432763cb1_300xb2d2.png]
[cis.wakavaping.com/blogs/instruction/waka-sopro-pa7000-instruction.html]
[cis.wakavaping.com/cdn/shop/articles/Yellow_front_188f5876-f2c1-49db-8830-f0ec80bf954d_300x77fe.png]
[cis.wakavaping.com/cdn/shop/articles/Yellow_front_188f5876-f2c1-49db-8830-f0ec80bf954d_2048x77fe.png]
[cis.wakavaping.com/blogs/instruction/waka-sopro-pa10000-instruction.html]
[cis.wakavaping.com/cdn/shop/articles/10-000_300xf481.png]
[cis.wakavaping.com/cdn/shop/articles/10-000_2048xf481.png]
[cis.wakavaping.com/blogs/instruction/waka-sofit-fa1000-instruction.html]
[cis.wakavaping.com/cdn/shop/articles/FA_1_300x293e.png]
[cis.wakavaping.com/cdn/shop/articles/FA_1_2048x293e.png]
[cis.wakavaping.com/blogs/instruction/waka-sopro-dm8000-instruction.html]
[cis.wakavaping.com/cdn/shop/articles/80001_300x0f53.png]
[cis.wakavaping.com/cdn/shop/articles/80001_2048x0f53.png]
[cis.wakavaping.com/blogs/instruction/waka-solo-2-instruction.html]
[cis.wakavaping.com/cdn/shop/articles/SOLO2_300x4580.png]
[cis.wakavaping.com/cdn/shop/articles/SOLO2_2048x4580.png]
[cis.wakavaping.com/blogs/instruction/waka-sopro-dm8000i-instruction.html]
[cis.wakavaping.com/cdn/shop/articles/8000i_device_pc_black_300xd5e4.png]
[cis.wakavaping.com/cdn/shop/articles/8000i_device_pc_black_2048xd5e4.png]
[cis.wakavaping.com/blogs/instruction/waka-smash-instruction.html]
[cis.wakavaping.com/cdn/shop/articles/SMASH-_purple_300xbcef.png]
[cis.wakavaping.com/cdn/shop/articles/SMASH-_purple_2048xbcef.png]
[cis.wakavaping.com/cdn/shop/t/2/assets/main-blog-index.min604a.js]
[cis.wakavaping.com/blogs/document.location]
[cis.wakavaping.com/blogs/instruction.html]
[cis.wakavaping.com/cdn/shop/t/2/assets/verify-index.mina4a2.css]
[www.google.com/recaptcha/api.js]
[cis.wakavaping.com/cdn/shop/t/2/assets/verify-starf6e8.png]
[cis.wakavaping.com/cdn/shop/files/verify_web_96xcf73.jpg]
[cis.wakavaping.com/cdn/shop/files/BC0CCBC9-66B2-410E-9693-D9D20FA59472_fc335571-d9fe-4e31-a9eb-2da0f6a1813c_96x2786.png]
[cis.wakavaping.com/cdn/shop/files/Global_96x684c.jpg]
[cis.wakavaping.com/pages/verify.html]
[cis.wakavaping.com/cdn/shop/t/2/assets/verify-index.min13e2.js]
[cis.wakavaping.com/cdn/shop/files/1_610bccdc-1c0e-49df-affe-f7032617f084fcd2.png]
[cis.wakavaping.com/products/sofit-fa4000.oembed]
[cis.wakavaping.com/cdn/shop/files/4_d1b0ea4f-6d2d-49d9-bee0-f5e059640763_96xfcd2.png]
[cis.wakavaping.com/cdn/shop/files/3_cd6a5071-9c77-4bc7-91de-cc804fc8f78b_96xfcd2.png]
[cis.wakavaping.com/cdn/shop/files/7_96x7d64.png]
[cis.wakavaping.com/cdn/shop/files/6_7569482d-0e30-4f4d-837b-377e6f746893_96x7d64.png]
[cis.wakavaping.com/cdn/shop/files/1_610bccdc-1c0e-49df-affe-f7032617f084_96xfcd2.png]
[cis.wakavaping.com/cdn/shop/files/4_d1b0ea4f-6d2d-49d9-bee0-f5e059640763_150xfcd2.png]
[cis.wakavaping.com/cdn/shop/files/4_d1b0ea4f-6d2d-49d9-bee0-f5e059640763_94x94fcd2.png]
[cis.wakavaping.com/cdn/shop/files/3_cd6a5071-9c77-4bc7-91de-cc804fc8f78b_94x94fcd2.png]
[cis.wakavaping.com/cdn/shop/files/7_94x947d64.png]
[cis.wakavaping.com/cdn/shop/files/6_7569482d-0e30-4f4d-837b-377e6f746893_94x947d64.png]
[cis.wakavaping.com/cdn/shop/files/1_610bccdc-1c0e-49df-affe-f7032617f084_94x94fcd2.png]
[cis.wakavaping.com/cdn/shop/files/sofit3500_canva_fa3500_KV_pc.ai_-03_96xd6da.png]
[cis.wakavaping.com/cdn/shop/files/sofit3500_canva___fa3500__1_pc.ai_c8ce7d01-0f2e-458e-9067-c179ad375592_96x70f1.png]
[cis.wakavaping.com/cdn/shop/files/sofit3500_canva___fa3500__3_pc.ai_bd696755-4a49-4e2d-a9ba-9c307125dc7c_96x3758.png]
[cis.wakavaping.com/cdn/shop/files/sofit3500_canva__fa3500__2_pc.ai_7c05723d-1be6-4cb9-bbc2-f53959ee3203_96xb86c.png]
[cis.wakavaping.com/cdn/shop/files/sofit3500_canva___pc.ai_96xcb52.png]
[cis.wakavaping.com/products/sofit-fa4000.html]
[cis.wakavaping.com/products/solo2.oembed]
[cis.wakavaping.com/collections/7-дней-использования.html]
[cis.wakavaping.com/cdn/shop/files/Solo2_96x8c50.png]
[cis.wakavaping.com/cdn/shop/files/Solo2_150x8c50.png]
[cis.wakavaping.com/cdn/shop/files/Solo2_94x948c50.png]
[cis.wakavaping.com/cdn/shop/files/WAKA_Solo2_KV-Without_Human_soPro_DM8000_KV-Horizontal_3_96xf852.png]
[cis.wakavaping.com/cdn/shop/files/Solo_2_Template__1_pc.ai_96x3c04.png]
[cis.wakavaping.com/cdn/shop/files/Solo_2_Template__2_pc.ai_96x6b8a.png]
[cis.wakavaping.com/cdn/shop/files/Solo_2_Template__3_pc.ai_96x4136.png]
[cis.wakavaping.com/cdn/shop/files/Solo_2_Template__1__.ai_96xb1fe.png]
[cis.wakavaping.com/cdn/shop/files/Solo_2_Template__3_pc.ai_fb1a273d-8f21-478b-a31c-2b94c18f68a6_96xb359.png]
[cis.wakavaping.com/products/solo2.html]
[cis.wakavaping.com/cdn/shop/files/5d4ad98b7e6fd7642323ef49163d8697894a.png]
[cis.wakavaping.com/products/waka-sofit-fa1000.oembed]
[cis.wakavaping.com/collections/5-7-дней-использования.html]
[cis.wakavaping.com/cdn/shop/files/9aad68ad015d0f0f63a26805ba0cd15a_96x894a.png]
[cis.wakavaping.com/cdn/shop/files/6fdaecdc33b9371fb7c326d4bd52932b_96x894a.png]
[cis.wakavaping.com/cdn/shop/files/5d4ad98b7e6fd7642323ef49163d8697_96x894a.png]
[cis.wakavaping.com/cdn/shop/files/4fefbcd44633bcd5e4f4663eafb78c3c_96x894a.png]
[cis.wakavaping.com/cdn/shop/files/9aad68ad015d0f0f63a26805ba0cd15a_150x894a.png]
[cis.wakavaping.com/cdn/shop/files/9aad68ad015d0f0f63a26805ba0cd15a_94x94894a.png]
[cis.wakavaping.com/cdn/shop/files/6fdaecdc33b9371fb7c326d4bd52932b_94x94894a.png]
[cis.wakavaping.com/cdn/shop/files/5d4ad98b7e6fd7642323ef49163d8697_94x94894a.png]
[cis.wakavaping.com/cdn/shop/files/4fefbcd44633bcd5e4f4663eafb78c3c_94x94894a.png]
[cis.wakavaping.com/cdn/shop/files/FA600_Template_KV_PC_2a60835e-2bb6-405c-a26d-9c2a65b7bfc8_96xf9d1.png]
[cis.wakavaping.com/products/waka-sofit-fa1000.html]
[cis.wakavaping.com/cdn/shop/t/2/assets/swiper.minef4a.css]
[cis.wakavaping.com/cdn/shop/t/2/assets/slideshow-banner-index.min4730.css]
[cis.wakavaping.com/cdn/shop/t/2/assets/list-collections-index.min208a.css]
[cis.wakavaping.com/products/waka-sofit-fa10003c21.html]
[cis.wakavaping.com/products/waka-sofit-fa1000637c.html]
[cis.wakavaping.com/products/waka-sofit-fa100051b7.html]
[cis.wakavaping.com/products/waka-sofit-fa1000b08f.html]
[cis.wakavaping.com/products/waka-sofit-fa1000e7cd.html]
[cis.wakavaping.com/products/waka-sofit-fa1000a2a6.html]
[cis.wakavaping.com/products/waka-sofit-fa10008046.html]
[cis.wakavaping.com/products/waka-sofit-fa10003ffe.html]
[cis.wakavaping.com/products/sofit-fa4000298e.html]
[cis.wakavaping.com/products/sofit-fa4000880c.html]
[cis.wakavaping.com/products/sofit-fa40002094.html]
[cis.wakavaping.com/products/sofit-fa40009f61.html]
[cis.wakavaping.com/products/sofit-fa4000e787.html]
[cis.wakavaping.com/products/sofit-fa400017a6.html]
[cis.wakavaping.com/products/sofit-fa40004c2c.html]
[cis.wakavaping.com/products/sofit-fa40008f51.html]
[cis.wakavaping.com/products/solo28969.html]
[cis.wakavaping.com/products/solo229e8.html]
[cis.wakavaping.com/products/solo23c7f.html]
[cis.wakavaping.com/products/solo2b5c9.html]
[cis.wakavaping.com/products/solo2d083.html]
[cis.wakavaping.com/products/solo2291a.html]
[cis.wakavaping.com/products/solo28f5b.html]
[cis.wakavaping.com/products/solo20009.html]
[cis.wakavaping.com/products/solo29ddb.html]
[cis.wakavaping.com/products/waka-smashaef2.html]
[cis.wakavaping.com/products/waka-smashc577.html]
[cis.wakavaping.com/products/waka-smashcd9f.html]
[cis.wakavaping.com/products/waka-smash0654.html]
[cis.wakavaping.com/products/waka-smashe957.html]
[cis.wakavaping.com/products/waka-smash36c7.html]
[cis.wakavaping.com/products/waka-smash3179.html]
[cis.wakavaping.com/products/waka-smash5d89.html]
[cis.wakavaping.com/products/waka-smashd761.html]
[cis.wakavaping.com/products/waka-sopro-pa70006dee.html]
[cis.wakavaping.com/products/waka-sopro-pa70005354.html]
[cis.wakavaping.com/products/waka-sopro-pa70003a0b.html]
[cis.wakavaping.com/products/waka-sopro-pa70000223.html]
[cis.wakavaping.com/products/waka-sopro-pa7000a127.html]
[cis.wakavaping.com/products/waka-sopro-pa7000423b.html]
[cis.wakavaping.com/products/waka-sopro-pa7000815b.html]
[cis.wakavaping.com/products/waka-sopro-pa7000dff4.html]
[cis.wakavaping.com/products/waka-sopro-pa700019f3.html]
[cis.wakavaping.com/products/sopro-dm80009365.html]
[cis.wakavaping.com/products/sopro-dm8000a146.html]
[cis.wakavaping.com/products/sopro-dm80002902.html]
[cis.wakavaping.com/products/sopro-dm80004a06.html]
[cis.wakavaping.com/products/sopro-dm8000ca94.html]
[cis.wakavaping.com/products/sopro-dm800024d4.html]
[cis.wakavaping.com/products/sopro-dm8000db50.html]
[cis.wakavaping.com/products/sopro-dm80001d30.html]
[cis.wakavaping.com/products/sopro-dm8000c9d7.html]
[cis.wakavaping.com/products/waka-sopro-dm8000i5941.html]
[cis.wakavaping.com/products/waka-sopro-dm8000i80e3.html]
[cis.wakavaping.com/products/waka-sopro-dm8000id492.html]
[cis.wakavaping.com/products/waka-sopro-dm8000i2172.html]
[cis.wakavaping.com/products/waka-sopro-dm8000i73f9.html]
[cis.wakavaping.com/products/waka-sopro-dm8000ic149.html]
[cis.wakavaping.com/products/waka-sopro-dm8000iea53.html]
[cis.wakavaping.com/products/waka-sopro-dm8000i6343.html]
[cis.wakavaping.com/products/waka-sopro-dm8000idc82.html]
[cis.wakavaping.com/products/sopro-pa10000b19d.html]
[cis.wakavaping.com/products/sopro-pa100005572.html]
[cis.wakavaping.com/products/sopro-pa10000fc31.html]
[cis.wakavaping.com/products/sopro-pa100004cca.html]
[cis.wakavaping.com/products/sopro-pa100006491.html]
[cis.wakavaping.com/products/sopro-pa1000082b4.html]
[cis.wakavaping.com/products/sopro-pa100001f43.html]
[cis.wakavaping.com/products/sopro-pa100008ca7.html]
[cis.wakavaping.com/products/sopro-pa1000041ff.html]
[cis.wakavaping.com/collections.html]
[cis.wakavaping.com/pages/privacy-policy-cookie-notice.html]
[cis.wakavaping.com/pages/terms-conditions.html]
[cis.wakavaping.com/cdn/shop/t/2/assets/list-collections-index.min63f9.js]
[cis.wakavaping.com/account/POST]
[cis.wakavaping.com/account/registerf085.html]
[cis.wakavaping.com/cdn/shop/t/2/assets/customer-login-index.min0c1e.js]
[cis.wakavaping.com/account/document.location]
[cis.wakavaping.com/account/login.html]
[cis.wakavaping.com/pages/privacy-policy.html]
[cis.wakavaping.com/pages/terms-of-service.html]
[cis.wakavaping.com/document.html]
[cis.wakavaping.com/products/POST.html]
[cis.wakavaping.com/collections/10-дней-использования.atom]
[cis.wakavaping.com/collections/10-дней-использования.oembed]
[cis.wakavaping.com/collections/POST]
[cis.wakavaping.com/collections/document.location]
[cis.wakavaping.com/collections/10-дней-использования.html]
[cis.wakavaping.com/cdn/shop/t/2/assets/product-index.min705a.css]
[cis.wakavaping.com/cdn/shop/t/2/assets/main-product-selling-point-index.mina286.css]
[cis.wakavaping.com/cdn/shop/t/2/assets/icon-selling-arrowe4d3.svg]
[cis.wakavaping.com/cdn/shop/t/2/assets/icon-gray-close19d1.svg]
[cis.wakavaping.com/products/Liquid error (sections/product-selling-point line 20.html]
[cis.wakavaping.com/products/Liquid error (sections/product-selling-point line 27.html]
[cis.wakavaping.com/products/document.location]
[cis.wakavaping.com/cdn/shopifycloud/shopify/assets/no-image-100-c91dd4bdb56513f2cbf4fc15436ca35e9d4ecd014546c8d421b1aece861dfecf_96x.html]
[cis.wakavaping.com/pages/POST.html]
[cis.wakavaping.com/cdn/shop/t/2/assets/dual-mesh-index.mindf4f.css]
[cis.wakavaping.com/pages/document.location]
[cis.wakavaping.com/cdn/shop/t/2/assets/about-us-index.min8ccd.css]
[cis.wakavaping.com/cdn/shop/t/2/assets/coupon-checkinfo-upbg.png]
[cis.wakavaping.com/cdn/shop/t/2/assets/main-checkpage-index.min6da7.css]
[cis.wakavaping.com/cdn/shop/t/2/assets/udesk-form-index.minc3a4.css]
[cis.wakavaping.com/blogs/POST.html]
[cdn.shopify.com/s/files/1/0041/5914/4047/t/68/assets/select31b9.png]
[cis.wakavaping.com/cdn/shop/t/2/assets/main-blog-index.min6e5b.css]
[cis.wakavaping.com/cdn/shop/articles/4_f5079eb7-5025-4cf9-b77e-68e432763cb1b2d2.png]
[cis.wakavaping.com/blogs/instruction/POST]
[cis.wakavaping.com/cdn/shop/t/2/assets/main-article-index.min6f99.css]
[cis.wakavaping.com/cdn/shop/t/2/assets/main-article-index.minb78a.js]
[cis.wakavaping.com/blogs/instruction/document.location]
[cis.wakavaping.com/blogs/instruction/waka-sofit-fa4000-instruction.html]
[cis.wakavaping.com/cdn/shop/articles/Yellow_front_188f5876-f2c1-49db-8830-f0ec80bf954d77fe.png]
[cis.wakavaping.com/blogs/instruction/waka-sopro-pa7000-instruction.html]
[cis.wakavaping.com/cdn/shop/articles/10-000f481.png]
[cis.wakavaping.com/blogs/instruction/waka-sopro-pa10000-instruction.html]
[cis.wakavaping.com/cdn/shop/articles/FA_1293e.png]
[cis.wakavaping.com/blogs/instruction/waka-sofit-fa1000-instruction.html]
[cis.wakavaping.com/cdn/shop/articles/800010f53.png]
[cis.wakavaping.com/blogs/instruction/waka-sopro-dm8000-instruction.html]
[cis.wakavaping.com/cdn/shop/articles/SOLO24580.png]
[cis.wakavaping.com/blogs/instruction/waka-solo-2-instruction.html]
[cis.wakavaping.com/cdn/shop/articles/8000i_device_pc_blackd5e4.png]
[cdn.shopify.com/s/files/1/0855/7762/9997/files/8000i_480x480be22.jpg]
[cis.wakavaping.com/blogs/instruction/waka-sopro-dm8000i-instruction.html]
[cis.wakavaping.com/cdn/shop/articles/SMASH-_purplebcef.png]
[cis.wakavaping.com/blogs/instruction/waka-smash-instruction.html]
[cis.wakavaping.com/blogs/document.location]
[cis.wakavaping.com/cdn/shop/t/2/assets/verify-index.mina4a2.css]
[cis.wakavaping.com/collections/7-дней-использования.atom]
[cis.wakavaping.com/collections/7-дней-использования.oembed]
[cis.wakavaping.com/collections/7-дней-использования.html]
[cis.wakavaping.com/collections/5-7-дней-использования.atom]
[cis.wakavaping.com/collections/5-7-дней-использования.oembed]
[cis.wakavaping.com/collections/5-7-дней-использования.html]
[cis.wakavaping.com/cdn/shop/t/2/assets/list-collections-index.min208a.css]
[cis.wakavaping.com/products/waka-sofit-fa10003c21.html]
[cis.wakavaping.com/cdn/shop/files/6fdaecdc33b9371fb7c326d4bd52932b_150x894a.png]
[cis.wakavaping.com/products/waka-sofit-fa1000637c.html]
[cis.wakavaping.com/cdn/shop/files/5d4ad98b7e6fd7642323ef49163d8697_150x894a.png]
[cis.wakavaping.com/products/waka-sofit-fa100051b7.html]
[cis.wakavaping.com/products/waka-sofit-fa1000b08f.html]
[cis.wakavaping.com/products/waka-sofit-fa1000e7cd.html]
[cis.wakavaping.com/cdn/shop/files/4fefbcd44633bcd5e4f4663eafb78c3c_150x894a.png]
[cis.wakavaping.com/products/waka-sofit-fa1000a2a6.html]
[cis.wakavaping.com/products/waka-sofit-fa10008046.html]
[cis.wakavaping.com/products/waka-sofit-fa10003ffe.html]
[cis.wakavaping.com/products/sofit-fa4000298e.html]
[cis.wakavaping.com/cdn/shop/files/3_cd6a5071-9c77-4bc7-91de-cc804fc8f78b_150xfcd2.png]
[cis.wakavaping.com/products/sofit-fa4000880c.html]
[cis.wakavaping.com/products/sofit-fa40002094.html]
[cis.wakavaping.com/cdn/shop/files/7_150x7d64.png]
[cis.wakavaping.com/products/sofit-fa40009f61.html]
[cis.wakavaping.com/cdn/shop/files/6_7569482d-0e30-4f4d-837b-377e6f746893_150x7d64.png]
[cis.wakavaping.com/products/sofit-fa4000e787.html]
[cis.wakavaping.com/products/sofit-fa400017a6.html]
[cis.wakavaping.com/cdn/shop/files/1_610bccdc-1c0e-49df-affe-f7032617f084_150xfcd2.png]
[cis.wakavaping.com/products/sofit-fa40004c2c.html]
[cis.wakavaping.com/products/sofit-fa40008f51.html]
[cis.wakavaping.com/products/solo28969.html]
[cis.wakavaping.com/products/solo229e8.html]
[cis.wakavaping.com/products/solo23c7f.html]
[cis.wakavaping.com/products/solo2b5c9.html]
[cis.wakavaping.com/products/solo2d083.html]
[cis.wakavaping.com/products/solo2291a.html]
[cis.wakavaping.com/products/solo28f5b.html]
[cis.wakavaping.com/products/solo20009.html]
[cis.wakavaping.com/products/solo29ddb.html]
[cis.wakavaping.com/products/waka-smashaef2.html]
[cis.wakavaping.com/products/waka-smashc577.html]
[cis.wakavaping.com/cdn/shop/files/SMASH-_purple_cfc5f30f-5944-4080-a2da-f3aed6887187_150x79d6.png]
[cis.wakavaping.com/products/waka-smashcd9f.html]
[cis.wakavaping.com/cdn/shop/files/SMASH-_Pink_2524357e-12b5-4724-b481-f23423dbe769_150xdefc.png]
[cis.wakavaping.com/products/waka-smash0654.html]
[cis.wakavaping.com/products/waka-smashe957.html]
[cis.wakavaping.com/cdn/shop/files/SMASH-_Grenn_150x79d6.png]
[cis.wakavaping.com/products/waka-smash36c7.html]
[cis.wakavaping.com/products/waka-smash3179.html]
[cis.wakavaping.com/products/waka-smash5d89.html]
[cis.wakavaping.com/cdn/shop/files/SMASH-_Orange_e32228bb-5099-4320-a024-5a7fd986a009_150xdefc.png]
[cis.wakavaping.com/products/waka-smashd761.html]
[cis.wakavaping.com/products/waka-sopro-pa70006dee.html]
[cis.wakavaping.com/cdn/shop/products/Blue_150xe9ed.png]
[cis.wakavaping.com/products/waka-sopro-pa70005354.html]
[cis.wakavaping.com/products/waka-sopro-pa70003a0b.html]
[cis.wakavaping.com/cdn/shop/files/Purple_front_150x5b70.png]
[cis.wakavaping.com/products/waka-sopro-pa70000223.html]
[cis.wakavaping.com/products/waka-sopro-pa7000a127.html]
[cis.wakavaping.com/cdn/shop/products/Green_150xe9ed.png]
[cis.wakavaping.com/products/waka-sopro-pa7000423b.html]
[cis.wakavaping.com/cdn/shop/files/Yellow_front_150xec9e.png]
[cis.wakavaping.com/products/waka-sopro-pa7000815b.html]
[cis.wakavaping.com/cdn/shop/files/Orange_front_150xec9e.png]
[cis.wakavaping.com/products/waka-sopro-pa7000dff4.html]
[cis.wakavaping.com/products/waka-sopro-pa700019f3.html]
[cis.wakavaping.com/products/sopro-dm80009365.html]
[cis.wakavaping.com/products/sopro-dm8000a146.html]
[cis.wakavaping.com/products/sopro-dm80002902.html]
[cis.wakavaping.com/products/sopro-dm80004a06.html]
[cis.wakavaping.com/products/sopro-dm8000ca94.html]
[cis.wakavaping.com/products/sopro-dm800024d4.html]
[cis.wakavaping.com/products/sopro-dm8000db50.html]
[cis.wakavaping.com/products/sopro-dm80001d30.html]
[cis.wakavaping.com/products/sopro-dm8000c9d7.html]
[cis.wakavaping.com/products/waka-sopro-dm8000i5941.html]
[cis.wakavaping.com/cdn/shop/files/8000idevicepcblue_150x4503.png]
[cis.wakavaping.com/products/waka-sopro-dm8000i80e3.html]
[cis.wakavaping.com/products/waka-sopro-dm8000id492.html]
[cis.wakavaping.com/products/waka-sopro-dm8000i2172.html]
[cis.wakavaping.com/cdn/shop/files/8000idevicepcpurple_150x2908.png]
[cis.wakavaping.com/products/waka-sopro-dm8000i73f9.html]
[cis.wakavaping.com/cdn/shop/files/8000idevicepcpink_150x2908.png]
[cis.wakavaping.com/products/waka-sopro-dm8000ic149.html]
[cis.wakavaping.com/products/waka-sopro-dm8000iea53.html]
[cis.wakavaping.com/cdn/shop/files/8000idevicepcblack_150x4fc2.png]
[cis.wakavaping.com/products/waka-sopro-dm8000i6343.html]
[cis.wakavaping.com/cdn/shop/files/8000idevicepcorange_150x0bf9.png]
[cis.wakavaping.com/products/waka-sopro-dm8000idc82.html]
[cis.wakavaping.com/products/sopro-pa10000b19d.html]
[cis.wakavaping.com/products/sopro-pa100005572.html]
[cis.wakavaping.com/products/sopro-pa10000fc31.html]
[cis.wakavaping.com/products/sopro-pa100004cca.html]
[cis.wakavaping.com/products/sopro-pa100006491.html]
[cis.wakavaping.com/products/sopro-pa1000082b4.html]
[cis.wakavaping.com/products/sopro-pa100001f43.html]
[cis.wakavaping.com/products/sopro-pa100008ca7.html]
[cis.wakavaping.com/products/sopro-pa1000041ff.html]
[cis.wakavaping.com/account/POST.html]
[cis.wakavaping.com/account/register.html]
[cis.wakavaping.com/account/registerf085.html]
[cis.wakavaping.com/account/document.html]
[cis.wakavaping.com/collections/POST.html]
[cis.wakavaping.com/collections/document.location]
[cis.wakavaping.com/assets/sprites-misc-sprites.png]
[cis.wakavaping.com/assets/sprites-misc-sprites2x.png]
[cis.wakavaping.com/cdn/shop/t/2/assets/coupon-checkinfo-upbg.html]
[cis.wakavaping.com/blogs/instruction/POST.html]
[cis.wakavaping.com/cdn/shop/t/2/assets/main-article-index.min6f99.css]
[cis.wakavaping.com/blogs/instruction/document.location]
[cis.wakavaping.com/account/register.html]
[cis.wakavaping.com/cdn/shop/t/2/assets/customer-register-index.mine9f8.js]
